// Jest Snapshot v1, https://goo.gl/fbAQLP

exports[`ContentBox testing ContentBox snapshot testing snapshot matches 1`] = `
<div
  className="content-box"
>
  <div
    className="content-box__wrapper"
  >
    Content here
  </div>
</div>
`;
