// Jest Snapshot v1, https://goo.gl/fbAQLP

exports[`StringButton testing StringButton snapshot testing snapshot matches 1`] = `
<button
  className="string-button"
  onClick={[Function]}
  onKeyDown={[Function]}
  type="button"
>
  Push me
</button>
`;
